/Users/changik/workspace/sample-oracle-modernization-accelerator/jpetstore-6/logs/application/SQLTransformTarget/mapper/AccountMapper_orcl/extract/AccountMapper_orcl-06-insert-insertProfile.xml
/Users/changik/workspace/sample-oracle-modernization-accelerator/jpetstore-6/logs/application/SQLTransformTarget/mapper/AccountMapper_orcl/extract/AccountMapper_orcl-04-insert-insertAccount.xml
/Users/changik/workspace/sample-oracle-modernization-accelerator/jpetstore-6/logs/application/SQLTransformTarget/mapper/AccountMapper_orcl/extract/AccountMapper_orcl-01-select-getAccountByUsername.xml
/Users/changik/workspace/sample-oracle-modernization-accelerator/jpetstore-6/logs/application/SQLTransformTarget/mapper/AccountMapper_orcl/extract/AccountMapper_orcl-03-update-updateAccount.xml
/Users/changik/workspace/sample-oracle-modernization-accelerator/jpetstore-6/logs/application/SQLTransformTarget/mapper/AccountMapper_orcl/extract/AccountMapper_orcl-05-update-updateProfile.xml
/Users/changik/workspace/sample-oracle-modernization-accelerator/jpetstore-6/logs/application/SQLTransformTarget/mapper/AccountMapper_orcl/extract/AccountMapper_orcl-08-insert-insertSignon.xml
/Users/changik/workspace/sample-oracle-modernization-accelerator/jpetstore-6/logs/application/SQLTransformTarget/mapper/AccountMapper_orcl/extract/AccountMapper_orcl-02-select-getAccountByUsernameAndPassword.xml
/Users/changik/workspace/sample-oracle-modernization-accelerator/jpetstore-6/logs/application/SQLTransformTarget/mapper/AccountMapper_orcl/extract/AccountMapper_orcl-07-update-updateSignon.xml
/Users/changik/workspace/sample-oracle-modernization-accelerator/jpetstore-6/logs/application/SQLTransformTarget/mapper/OrderMapper_orcl/extract/OrderMapper_orcl-02-select-getOrdersByUsername.xml
/Users/changik/workspace/sample-oracle-modernization-accelerator/jpetstore-6/logs/application/SQLTransformTarget/mapper/OrderMapper_orcl/extract/OrderMapper_orcl-01-select-getOrder.xml
/Users/changik/workspace/sample-oracle-modernization-accelerator/jpetstore-6/logs/application/SQLTransformTarget/mapper/OrderMapper_orcl/extract/OrderMapper_orcl-04-insert-insertOrderStatus.xml
/Users/changik/workspace/sample-oracle-modernization-accelerator/jpetstore-6/logs/application/SQLTransformTarget/mapper/OrderMapper_orcl/extract/OrderMapper_orcl-03-insert-insertOrder.xml
/Users/changik/workspace/sample-oracle-modernization-accelerator/jpetstore-6/logs/application/SQLTransformTarget/mapper/ItemMapper_orcl/extract/ItemMapper_orcl-02-select-getItem.xml
/Users/changik/workspace/sample-oracle-modernization-accelerator/jpetstore-6/logs/application/SQLTransformTarget/mapper/ItemMapper_orcl/extract/ItemMapper_orcl-01-select-getItemListByProduct.xml
/Users/changik/workspace/sample-oracle-modernization-accelerator/jpetstore-6/logs/application/SQLTransformTarget/mapper/ItemMapper_orcl/extract/ItemMapper_orcl-03-select-getInventoryQuantity.xml
/Users/changik/workspace/sample-oracle-modernization-accelerator/jpetstore-6/logs/application/SQLTransformTarget/mapper/ItemMapper_orcl/extract/ItemMapper_orcl-04-update-updateInventoryQuantity.xml
/Users/changik/workspace/sample-oracle-modernization-accelerator/jpetstore-6/logs/application/SQLTransformTarget/mapper/LineItemMapper_orcl/extract/LineItemMapper_orcl-02-insert-insertLineItem.xml
/Users/changik/workspace/sample-oracle-modernization-accelerator/jpetstore-6/logs/application/SQLTransformTarget/mapper/LineItemMapper_orcl/extract/LineItemMapper_orcl-01-select-getLineItemsByOrderId.xml
/Users/changik/workspace/sample-oracle-modernization-accelerator/jpetstore-6/logs/application/SQLTransformTarget/mapper/CategoryMapper_orcl/extract/CategoryMapper_orcl-01-select-getCategory.xml
/Users/changik/workspace/sample-oracle-modernization-accelerator/jpetstore-6/logs/application/SQLTransformTarget/mapper/CategoryMapper_orcl/extract/CategoryMapper_orcl-02-select-getCategoryList.xml
/Users/changik/workspace/sample-oracle-modernization-accelerator/jpetstore-6/logs/application/SQLTransformTarget/mapper/ProductMapper_orcl/extract/ProductMapper_orcl-01-select-getProduct.xml
/Users/changik/workspace/sample-oracle-modernization-accelerator/jpetstore-6/logs/application/SQLTransformTarget/mapper/ProductMapper_orcl/extract/ProductMapper_orcl-03-select-searchProductList.xml
/Users/changik/workspace/sample-oracle-modernization-accelerator/jpetstore-6/logs/application/SQLTransformTarget/mapper/ProductMapper_orcl/extract/ProductMapper_orcl-02-select-getProductListByCategory.xml
/Users/changik/workspace/sample-oracle-modernization-accelerator/jpetstore-6/logs/application/SQLTransformTarget/mapper/SequenceMapper_orcl/extract/SequenceMapper_orcl-02-update-updateSequence.xml
/Users/changik/workspace/sample-oracle-modernization-accelerator/jpetstore-6/logs/application/SQLTransformTarget/mapper/SequenceMapper_orcl/extract/SequenceMapper_orcl-01-select-getSequence.xml
